2026-09-03T02:00:49.502Z  INFO 1 --- [imageboard] [main] c.e.imageboard.ImageboardApplication     : Starting ImageboardApplication v0.0.1-SNAPSHOT using Java 21.0.12 with PID 1 (/app/app.jar started by root in /app)
2026-09-03T02:00:49.508Z DEBUG 1 --- [imageboard] [main] c.e.imageboard.ImageboardApplication     : Running with Spring Boot v4.1.1, Spring v7.0.9
2026-09-03T02:00:49.510Z  INFO 1 --- [imageboard] [main] c.e.imageboard.ImageboardApplication     : No active profile set, falling back to 1 default profile: "default"
2026-09-03T02:00:50.555Z  INFO 1 --- [imageboard] [main] .s.d.r.c.RepositoryConfigurationDelegate : Bootstrapping Spring Data JPA repositories in DEFAULT mode.
2026-09-03T02:00:50.626Z  INFO 1 --- [imageboard] [main] .s.d.r.c.RepositoryConfigurationDelegate : Finished Spring Data repository scanning in 54 ms. Found 3 JPA repository interfaces.
2026-09-03T02:00:51.714Z  INFO 1 --- [imageboard] [main] o.s.boot.tomcat.TomcatWebServer          : Tomcat initialized with port 8080 (http)
2026-09-03T02:00:51.738Z  INFO 1 --- [imageboard] [main] o.apache.catalina.core.StandardService   : Starting service [Tomcat]
2026-09-03T02:00:51.739Z  INFO 1 --- [imageboard] [main] o.apache.catalina.core.StandardEngine    : Starting Servlet engine: [Apache Tomcat/11.0.24]
2026-09-03T02:00:51.794Z  INFO 1 --- [imageboard] [main] b.w.c.s.WebApplicationContextInitializer : Root WebApplicationContext: initialization completed in 2209 ms
2026-09-03T02:00:52.084Z  INFO 1 --- [imageboard] [main] org.hibernate.orm.jpa                    : HHH008540: Processing PersistenceUnitInfo [name: default]
2026-09-03T02:00:52.158Z  INFO 1 --- [imageboard] [main] org.hibernate.orm.core                   : HHH000001: Hibernate ORM core version 7.4.5.Final
2026-09-03T02:00:52.780Z  INFO 1 --- [imageboard] [main] o.s.o.j.p.SpringPersistenceUnitInfo      : No LoadTimeWeaver setup: ignoring JPA class transformer
2026-09-03T02:00:52.831Z  INFO 1 --- [imageboard] [main] com.zaxxer.hikari.HikariDataSource       : HikariPool-1 - Starting...
2026-09-03T02:00:52.932Z  INFO 1 --- [imageboard] [main] com.zaxxer.hikari.pool.HikariPool        : HikariPool-1 - Added connection org.mariadb.jdbc.Connection@13137835
2026-09-03T02:00:52.935Z  INFO 1 --- [imageboard] [main] com.zaxxer.hikari.HikariDataSource       : HikariPool-1 - Start completed.
2026-09-03T02:00:53.003Z  INFO 1 --- [imageboard] [main] org.hibernate.orm.connections.pooling    : HHH10001005: Database info:
	Database JDBC URL [jdbc:mariadb://mariadb-server/imageboard?user=human&password=human&serverTimezone=Asia/Seoul&characterEncoding=UTF-8]
	Database driver: MariaDB Connector/J
	Database dialect: MariaDBDialect
	Database version: 12.3.3
	Default catalog/schema: imageboard/undefined
	Autocommit mode: undefined/unknown
	Isolation level: REPEATABLE_READ [default REPEATABLE_READ]
	JDBC fetch size: none
	Pool: DataSourceConnectionProvider
	Minimum pool size: undefined/unknown
	Maximum pool size: undefined/unknown
2026-09-03T02:00:54.081Z  INFO 1 --- [imageboard] [main] org.hibernate.orm.core                   : HHH000489: No JTA platform available (set 'hibernate.transaction.jta.platform' to enable JTA platform integration)
2026-09-03T02:00:54.252Z  INFO 1 --- [imageboard] [main] j.LocalContainerEntityManagerFactoryBean : Initialized JPA EntityManagerFactory for persistence unit 'default'
2026-09-03T02:00:54.360Z  INFO 1 --- [imageboard] [main] o.s.d.j.r.query.QueryEnhancerFactories   : Hibernate is in classpath; If applicable, HQL parser will be used.
2026-09-03T02:00:55.402Z  WARN 1 --- [imageboard] [main] JpaBaseConfiguration$JpaWebConfiguration : spring.jpa.open-in-view is enabled by default. Therefore, database queries may be performed during view rendering. Explicitly configure spring.jpa.open-in-view to disable this warning
2026-09-03T02:00:55.538Z  INFO 1 --- [imageboard] [main] r$InitializeUserDetailsManagerConfigurer : Global AuthenticationManager configured with UserDetailsService bean with name customUserDetailsService
2026-09-03T02:00:56.267Z  INFO 1 --- [imageboard] [main] o.s.boot.tomcat.TomcatWebServer          : Tomcat started on port 8080 (http) with context path '/'
2026-09-03T02:00:56.292Z  INFO 1 --- [imageboard] [main] c.e.imageboard.ImageboardApplication     : Started ImageboardApplication in 7.531 seconds (process running for 8.378)
2026-09-03T02:01:05.400Z  INFO 1 --- [imageboard] [http-nio-8080-exec-1] o.a.c.c.C.[Tomcat].[localhost].[/]       : Initializing Spring DispatcherServlet 'dispatcherServlet'
2026-09-03T02:01:05.401Z  INFO 1 --- [imageboard] [http-nio-8080-exec-1] o.s.web.servlet.DispatcherServlet        : Initializing Servlet 'dispatcherServlet'
2026-09-03T02:01:05.403Z  INFO 1 --- [imageboard] [http-nio-8080-exec-1] o.s.web.servlet.DispatcherServlet        : Completed initialization in 1 ms
2026-09-03T02:01:05.502Z  INFO 1 --- [imageboard] [http-nio-8080-exec-2] c.e.imageboard.service.BoardService      : ------------> log.debug : 0 / 2

2026-09-03T02:01:12.113Z  INFO 1 --- [imageboard] [SpringApplicationShutdownHook] o.s.boot.tomcat.GracefulShutdown         : Commencing graceful shutdown. Waiting for active requests to complete
2026-09-03T02:01:12.117Z  INFO 1 --- [imageboard] [tomcat-shutdown] o.s.boot.tomcat.GracefulShutdown         : Graceful shutdown complete
2026-09-03T02:01:12.124Z  INFO 1 --- [imageboard] [SpringApplicationShutdownHook] j.LocalContainerEntityManagerFactoryBean : Closing JPA EntityManagerFactory for persistence unit 'default'
2026-09-03T02:01:12.127Z  INFO 1 --- [imageboard] [SpringApplicationShutdownHook] com.zaxxer.hikari.HikariDataSource       : HikariPool-1 - Shutdown initiated...
2026-09-03T02:01:12.135Z  INFO 1 --- [imageboard] [SpringApplicationShutdownHook] com.zaxxer.hikari.HikariDataSource       : HikariPool-1 - Shutdown completed.
2026-09-03T02:03:55.449Z  INFO 1 --- [imageboard] [main] c.e.imageboard.ImageboardApplication     : Starting ImageboardApplication v0.0.1-SNAPSHOT using Java 21.0.12 with PID 1 (/app/app.jar started by root in /app)
2026-09-03T02:03:55.453Z DEBUG 1 --- [imageboard] [main] c.e.imageboard.ImageboardApplication     : Running with Spring Boot v4.1.1, Spring v7.0.9
2026-09-03T02:03:55.455Z  INFO 1 --- [imageboard] [main] c.e.imageboard.ImageboardApplication     : No active profile set, falling back to 1 default profile: "default"
2026-09-03T02:03:56.627Z  INFO 1 --- [imageboard] [main] .s.d.r.c.RepositoryConfigurationDelegate : Bootstrapping Spring Data JPA repositories in DEFAULT mode.
2026-09-03T02:03:56.709Z  INFO 1 --- [imageboard] [main] .s.d.r.c.RepositoryConfigurationDelegate : Finished Spring Data repository scanning in 63 ms. Found 3 JPA repository interfaces.
2026-09-03T02:03:57.962Z  INFO 1 --- [imageboard] [main] o.s.boot.tomcat.TomcatWebServer          : Tomcat initialized with port 8080 (http)
2026-09-03T02:03:57.991Z  INFO 1 --- [imageboard] [main] o.apache.catalina.core.StandardService   : Starting service [Tomcat]
2026-09-03T02:03:57.993Z  INFO 1 --- [imageboard] [main] o.apache.catalina.core.StandardEngine    : Starting Servlet engine: [Apache Tomcat/11.0.24]
2026-09-03T02:03:58.049Z  INFO 1 --- [imageboard] [main] b.w.c.s.WebApplicationContextInitializer : Root WebApplicationContext: initialization completed in 2505 ms
2026-09-03T02:03:58.484Z  INFO 1 --- [imageboard] [main] org.hibernate.orm.jpa                    : HHH008540: Processing PersistenceUnitInfo [name: default]
2026-09-03T02:03:58.602Z  INFO 1 --- [imageboard] [main] org.hibernate.orm.core                   : HHH000001: Hibernate ORM core version 7.4.5.Final
2026-09-03T02:03:59.441Z  INFO 1 --- [imageboard] [main] o.s.o.j.p.SpringPersistenceUnitInfo      : No LoadTimeWeaver setup: ignoring JPA class transformer
2026-09-03T02:03:59.488Z  INFO 1 --- [imageboard] [main] com.zaxxer.hikari.HikariDataSource       : HikariPool-1 - Starting...
2026-09-03T02:03:59.602Z  INFO 1 --- [imageboard] [main] com.zaxxer.hikari.pool.HikariPool        : HikariPool-1 - Added connection org.mariadb.jdbc.Connection@1124dd79
2026-09-03T02:03:59.605Z  INFO 1 --- [imageboard] [main] com.zaxxer.hikari.HikariDataSource       : HikariPool-1 - Start completed.
2026-09-03T02:03:59.676Z  INFO 1 --- [imageboard] [main] org.hibernate.orm.connections.pooling    : HHH10001005: Database info:
	Database JDBC URL [jdbc:mariadb://mariadb-server/imageboard?user=human&password=human&serverTimezone=Asia/Seoul&characterEncoding=UTF-8]
	Database driver: MariaDB Connector/J
	Database dialect: MariaDBDialect
	Database version: 12.3.3
	Default catalog/schema: imageboard/undefined
	Autocommit mode: undefined/unknown
	Isolation level: REPEATABLE_READ [default REPEATABLE_READ]
	JDBC fetch size: none
	Pool: DataSourceConnectionProvider
	Minimum pool size: undefined/unknown
	Maximum pool size: undefined/unknown
2026-09-03T02:04:00.936Z  INFO 1 --- [imageboard] [main] org.hibernate.orm.core                   : HHH000489: No JTA platform available (set 'hibernate.transaction.jta.platform' to enable JTA platform integration)
2026-09-03T02:04:01.110Z  INFO 1 --- [imageboard] [main] j.LocalContainerEntityManagerFactoryBean : Initialized JPA EntityManagerFactory for persistence unit 'default'
2026-09-03T02:04:01.239Z  INFO 1 --- [imageboard] [main] o.s.d.j.r.query.QueryEnhancerFactories   : Hibernate is in classpath; If applicable, HQL parser will be used.
2026-09-03T02:04:02.668Z  WARN 1 --- [imageboard] [main] JpaBaseConfiguration$JpaWebConfiguration : spring.jpa.open-in-view is enabled by default. Therefore, database queries may be performed during view rendering. Explicitly configure spring.jpa.open-in-view to disable this warning
2026-09-03T02:04:02.829Z  INFO 1 --- [imageboard] [main] r$InitializeUserDetailsManagerConfigurer : Global AuthenticationManager configured with UserDetailsService bean with name customUserDetailsService
2026-09-03T02:04:03.930Z  INFO 1 --- [imageboard] [main] o.s.boot.tomcat.TomcatWebServer          : Tomcat started on port 8080 (http) with context path '/'
2026-09-03T02:04:03.953Z  INFO 1 --- [imageboard] [main] c.e.imageboard.ImageboardApplication     : Started ImageboardApplication in 9.249 seconds (process running for 10.147)
2026-09-03T02:04:05.121Z  INFO 1 --- [imageboard] [http-nio-8080-exec-1] o.a.c.c.C.[Tomcat].[localhost].[/]       : Initializing Spring DispatcherServlet 'dispatcherServlet'
2026-09-03T02:04:05.122Z  INFO 1 --- [imageboard] [http-nio-8080-exec-1] o.s.web.servlet.DispatcherServlet        : Initializing Servlet 'dispatcherServlet'
2026-09-03T02:04:05.125Z  INFO 1 --- [imageboard] [http-nio-8080-exec-1] o.s.web.servlet.DispatcherServlet        : Completed initialization in 2 ms
2026-09-03T02:04:05.217Z  INFO 1 --- [imageboard] [http-nio-8080-exec-1] c.e.imageboard.service.BoardService      : ------------> log.debug : 0 / 2

2026-09-03T02:14:34.282Z  INFO 1 --- [imageboard] [SpringApplicationShutdownHook] o.s.boot.tomcat.GracefulShutdown         : Commencing graceful shutdown. Waiting for active requests to complete
2026-09-03T02:14:34.287Z  INFO 1 --- [imageboard] [tomcat-shutdown] o.s.boot.tomcat.GracefulShutdown         : Graceful shutdown complete
2026-09-03T02:14:34.295Z  INFO 1 --- [imageboard] [SpringApplicationShutdownHook] j.LocalContainerEntityManagerFactoryBean : Closing JPA EntityManagerFactory for persistence unit 'default'
2026-09-03T02:14:34.300Z  INFO 1 --- [imageboard] [SpringApplicationShutdownHook] com.zaxxer.hikari.HikariDataSource       : HikariPool-1 - Shutdown initiated...
2026-09-03T02:14:34.306Z  INFO 1 --- [imageboard] [SpringApplicationShutdownHook] com.zaxxer.hikari.HikariDataSource       : HikariPool-1 - Shutdown completed.
