2026-09-03T02:31:47.591Z  INFO 1 --- [imageboard] [main] c.e.imageboard.ImageboardApplication     : Starting ImageboardApplication v0.0.1-SNAPSHOT using Java 21.0.12 with PID 1 (/app/app.jar started by root in /app)
2026-09-03T02:31:47.598Z DEBUG 1 --- [imageboard] [main] c.e.imageboard.ImageboardApplication     : Running with Spring Boot v4.1.1, Spring v7.0.9
2026-09-03T02:31:47.601Z  INFO 1 --- [imageboard] [main] c.e.imageboard.ImageboardApplication     : No active profile set, falling back to 1 default profile: "default"
2026-09-03T02:31:48.869Z  INFO 1 --- [imageboard] [main] .s.d.r.c.RepositoryConfigurationDelegate : Bootstrapping Spring Data JPA repositories in DEFAULT mode.
2026-09-03T02:31:48.960Z  INFO 1 --- [imageboard] [main] .s.d.r.c.RepositoryConfigurationDelegate : Finished Spring Data repository scanning in 61 ms. Found 3 JPA repository interfaces.
2026-09-03T02:31:50.092Z  INFO 1 --- [imageboard] [main] o.s.boot.tomcat.TomcatWebServer          : Tomcat initialized with port 8080 (http)
2026-09-03T02:31:50.125Z  INFO 1 --- [imageboard] [main] o.apache.catalina.core.StandardService   : Starting service [Tomcat]
2026-09-03T02:31:50.127Z  INFO 1 --- [imageboard] [main] o.apache.catalina.core.StandardEngine    : Starting Servlet engine: [Apache Tomcat/11.0.24]
2026-09-03T02:31:50.192Z  INFO 1 --- [imageboard] [main] b.w.c.s.WebApplicationContextInitializer : Root WebApplicationContext: initialization completed in 2494 ms
2026-09-03T02:31:50.588Z  INFO 1 --- [imageboard] [main] org.hibernate.orm.jpa                    : HHH008540: Processing PersistenceUnitInfo [name: default]
2026-09-03T02:31:50.700Z  INFO 1 --- [imageboard] [main] org.hibernate.orm.core                   : HHH000001: Hibernate ORM core version 7.4.5.Final
2026-09-03T02:31:51.485Z  INFO 1 --- [imageboard] [main] o.s.o.j.p.SpringPersistenceUnitInfo      : No LoadTimeWeaver setup: ignoring JPA class transformer
2026-09-03T02:31:51.526Z  INFO 1 --- [imageboard] [main] com.zaxxer.hikari.HikariDataSource       : HikariPool-1 - Starting...
2026-09-03T02:31:51.640Z  INFO 1 --- [imageboard] [main] com.zaxxer.hikari.pool.HikariPool        : HikariPool-1 - Added connection org.mariadb.jdbc.Connection@7f1fec57
2026-09-03T02:31:51.644Z  INFO 1 --- [imageboard] [main] com.zaxxer.hikari.HikariDataSource       : HikariPool-1 - Start completed.
2026-09-03T02:31:51.724Z  INFO 1 --- [imageboard] [main] org.hibernate.orm.connections.pooling    : HHH10001005: Database info:
	Database JDBC URL [jdbc:mariadb://fullstack-db/imageboard?user=human&password=human&serverTimezone=Asia/Seoul&characterEncoding=UTF-8]
	Database driver: MariaDB Connector/J
	Database dialect: MariaDBDialect
	Database version: 12.3.3
	Default catalog/schema: imageboard/undefined
	Autocommit mode: undefined/unknown
	Isolation level: REPEATABLE_READ [default REPEATABLE_READ]
	JDBC fetch size: none
	Pool: DataSourceConnectionProvider
	Minimum pool size: undefined/unknown
	Maximum pool size: undefined/unknown
2026-09-03T02:31:53.073Z  INFO 1 --- [imageboard] [main] org.hibernate.orm.core                   : HHH000489: No JTA platform available (set 'hibernate.transaction.jta.platform' to enable JTA platform integration)
2026-09-03T02:31:53.253Z  INFO 1 --- [imageboard] [main] j.LocalContainerEntityManagerFactoryBean : Initialized JPA EntityManagerFactory for persistence unit 'default'
2026-09-03T02:31:53.376Z  INFO 1 --- [imageboard] [main] o.s.d.j.r.query.QueryEnhancerFactories   : Hibernate is in classpath; If applicable, HQL parser will be used.
2026-09-03T02:31:54.749Z  WARN 1 --- [imageboard] [main] JpaBaseConfiguration$JpaWebConfiguration : spring.jpa.open-in-view is enabled by default. Therefore, database queries may be performed during view rendering. Explicitly configure spring.jpa.open-in-view to disable this warning
2026-09-03T02:31:54.919Z  INFO 1 --- [imageboard] [main] r$InitializeUserDetailsManagerConfigurer : Global AuthenticationManager configured with UserDetailsService bean with name customUserDetailsService
2026-09-03T02:31:55.865Z  INFO 1 --- [imageboard] [main] o.s.boot.tomcat.TomcatWebServer          : Tomcat started on port 8080 (http) with context path '/'
2026-09-03T02:31:55.894Z  INFO 1 --- [imageboard] [main] c.e.imageboard.ImageboardApplication     : Started ImageboardApplication in 9.228 seconds (process running for 10.146)
2026-09-03T02:33:01.488Z  INFO 1 --- [imageboard] [SpringApplicationShutdownHook] o.s.boot.tomcat.GracefulShutdown         : Commencing graceful shutdown. Waiting for active requests to complete
2026-09-03T02:33:01.494Z  INFO 1 --- [imageboard] [tomcat-shutdown] o.s.boot.tomcat.GracefulShutdown         : Graceful shutdown complete
2026-09-03T02:33:01.501Z  INFO 1 --- [imageboard] [SpringApplicationShutdownHook] j.LocalContainerEntityManagerFactoryBean : Closing JPA EntityManagerFactory for persistence unit 'default'
2026-09-03T02:33:01.505Z  INFO 1 --- [imageboard] [SpringApplicationShutdownHook] com.zaxxer.hikari.HikariDataSource       : HikariPool-1 - Shutdown initiated...
2026-09-03T02:33:01.509Z  INFO 1 --- [imageboard] [SpringApplicationShutdownHook] com.zaxxer.hikari.HikariDataSource       : HikariPool-1 - Shutdown completed.
